[0.0s] 静态服务 http://127.0.0.1:8793
[3.0s] 页面加载完成

== A. 加载与零报错 ==
  ✅ 页面无 console 错误

== B. 装 MVU，建出状态栏起点 ==
  ✅ 编辑器已打开
  ✅ 选项卡里有「状态栏」
  ✅ 「状态栏」排在 MVU 后面
  ✅ 状态栏正则已建立
  ✅ 自动接管了状态栏
  ✅ 自动生成了块

== C. 切到状态栏页，三栏都渲染出来 ==
  ✅ 画布存在
  ✅ 三栏布局（3 个轨道）
  ✅ 图层行数 == 块数
  ✅ 画布命中框数 == 块数
  ✅ 画布渲染出了真内容（有内联样式）
  ✅ 标签用 format_message_variable
  ✅ 替换产物里没有 <style>
  ✅ 结构 base64 注释在

== D. 无重复 id ==
  ✅ DOM 里没有重复 id

== E. 点画布上的块 = 选中 ==
  ✅ 选中的就是它
  ✅ 画布上出现选中框
  ✅ 属性面板出现了字段
  ✅ 图层上那一行也高亮了

== E2. 双击画布 = 光标落到右边的输入框 ==
  ✅ 双击把它选中了
  ✅ 光标落进了属性面板
  ✅ 焦点在输入框 / 文本域上

== F. 改属性 → 立刻写回卡里的正则 ==
  ✅ 卡里那条正则被重写了
  ✅ 画布也跟着变了
  ✅ 正则长度变了

== G. 拖拽排序（真事件） ==
  ✅ 至少两个块才测得了拖拽
  ✅ dragover 给出了落点指示
  ✅ 最后一个块被拖到了最前面
  ✅ 块总数没变
  ✅ 没有块凭空消失或重复

== H. 拖进分组（一行多列） ==
  ✅ 加出了一个分组
  ✅ 中间区域提示「放进分组」
  ✅ 块进了分组
  ✅ 块离开了根列表
  ✅ 不能把分组拖进自己的子树

== I. 分组操作 ==
  ✅ 包住是原地替换（根层数不变）
  ✅ 包住后深度 +1
  ✅ 包出来的分组占原来那个位置
  ✅ 包出来的是分组且选中它
  ✅ 原来那个块进了分组
  ✅ 解散后深度还原
  ✅ 解散分组后层数还原
  ✅ 解散后块还在

== J. 版式模板 / 主题 ==
  ✅ 套模板后有块
  ✅ 模板自带主题
  ✅ 进度条面板确实有 bar
  ✅ 进度条用 get_message_variable 取裸值
  ✅ 进度条宽度走 calc()
  ✅ 先给 width:0% 兜底（宏取不回来也不会炸版）
  ✅ 换主题生效
  ✅ 主题色真的进了产物
  ✅ 换主题也写回了正则

== K. 变量树 → 状态栏块的自动接线 ==
  ✅ 新进度条自动挑了数值变量
  ✅ 带上了变量自己的 min
  ✅ 带上了变量自己的 max
  ✅ 显示名取自变量名
  ✅ 第二个进度条避开已用变量
  ✅ 路径控件带 datalist 候选
  ✅ datalist 里有变量可选

== L. 接管状态机 ==
  ✅ 当前是已接管 + mine
  ✅ 外来状态栏被认成 foreign
  ✅ foreign 时不写回（保住别人的 HTML）
  ✅ 接管后 own = true
  ✅ 接管后卡里那条换成了画布内容
  ✅ 接管后产物带结构注释
  ✅ 接管时确实弹了确认框

== M. 草稿往返（结构 base64 读得回来） ==
  ✅ base64 结构能解析回来
  ✅ 主题也带回来了

== N. 宽度 / 空状态 ==
  ✅ 宽度设成 320 后进了产物
  ✅ 清空块后画布显示空状态
  ✅ 空画布时图层显示引导
  ✅ 空画布时块库按钮还在
  ✅ 从空状态套模板能恢复

== O. 数值夹紧 ==
  ✅ 字号 0 被夹到 8
  ✅ 字号 999 被夹到 40
  ✅ 字号 14 原样

== P. 窄屏竖排 ==
  ✅ 窄屏三栏变一栏
  ✅ 窄屏块库按钮高度够点（>=32px）

== Q. 复古皮肤 ==
  ✅ 复古下画布仍可点
  📸 sb-retro.png (124 KB)

== R. 截图 ==
  📸 sb-desktop.png (161 KB)
  📸 sb-mobile.png (175 KB)

== S. 收尾零报错 ==
  ✅ 整轮无 console 错误 / 未捕获异常

========== 81 passed, 0 failed ==========
