[0.0s] 静态服务 http://127.0.0.1:8890
[3.2s] 页面加载完成

== A. 圆点块（dots） ==
  ✅ 圆点块自动挑了数值变量
  ✅ 带上变量自己的 min / max
  ✅ 圆点个数默认 5
  ✅ 产物里有叠层裁切结构（纯 CSS 点亮 N 个）
  ✅ 亮点宽度按 count 算
  ✅ 圆点字符出现 2×count 次（底排 + 亮排）
  ✅ 属性面板有「圆点个数」
  ✅ 属性面板有「圆点字符」
  ✅ 改成 8 个 → 产物里 16 个圆点字符
  ✅ 圆点数 99 被夹到 20

== B. 分割线 / 间距 / 高级 HTML ==
  ✅ 分割线用了指定的线色
  ✅ 间距用了指定高度
  ✅ 间距高度 0 被夹到 1
  ✅ 分割线只有一个颜色字段
  ✅ 分割线没有多余的文本框

== C. 转义边界（只有「高级 HTML」原样透传） ==
  ✅ 高级 HTML 块原样透传（含未闭合标签）
  ✅ 文字块的尖括号被转义
  ✅ 文字块不会漏出真标签
  ✅ 未闭合标签没吞掉后面的块（块数没少）

== D. 颜色「跟随主题」 ==
  ✅ 设了颜色 → 进了产物
  ✅ 设了颜色 → 出现「跟随主题」按钮
  ✅ 误传「整块路径」不会抛异常
  ✅ 误传「整块路径」不会把块写成标量
  ✅ 误传「整块路径」后块还找得到
  ✅ 误传「整块路径」不会动到颜色
  ✅ 标量顶不掉 statusBar 本身
  ✅ 标量顶不掉块列表
  ✅ 标量顶不掉 MVU 结构
  ✅ 点跟随主题 → 颜色清空
  ✅ 点跟随主题 → 产物里不再有那个色
  ✅ 点跟随主题 → 按钮消失
  ✅ 回落到主题色

== E. 选中分组时从块库加点 ==
  ✅ 选中分组时新块进分组（不落根）
  ✅ 根层数没变
  ✅ 再点一个还是进分组
  ✅ 根层仍然没变
  ✅ 第一个新块确实挂在分组下

== F. 写回幂等 ==
  ✅ 内容没变时 stSbSync 返回 false
  ✅ 连点两次也不改内容
  ✅ 第二次同样返回 false

== G. 刷新页面 → 草稿接着编辑 ==
  ✅ 角色名还在
  ✅ 块数一样
  ✅ 主题还在
  ✅ 宽度还在
  ✅ 接管标记还在（不用重新接管）
  ✅ 检测仍认作 mine
  ✅ 产物逐字节一致
  ✅ 画布命中框数 == 块数
  ✅ 图层行数 == 块数
  ✅ 刷新后停在状态栏页
  ✅ 刷新后直接改还能写回
  📸 sb2-reload.png (160 KB)

== H. 从卡里读回（base64 反推） ==
  ✅ 清空后能从正则读回结构
  ✅ 块数读回来一致
  ✅ 主题读回来一致
  ✅ 宽度读回来一致
  ✅ 读回后重新生成，产物逐字节一致

== I. 移除 MVU 后状态栏页不装死 ==
  ✅ 没有那条正则时页面照常渲染
  ✅ 画布还在（显示空状态）
  ✅ 状态识别为 none
  ✅ 给出「去 MVU 页」的出口
  ✅ 没有落脚点时 stSbSync 返回 false
  📸 sb2-none.png (159 KB)

== J. 收尾零报错 ==
  ✅ 整轮无 console 错误 / 未捕获异常

========== 62 passed, 0 failed ==========
