[0.0s] 静态服务 http://127.0.0.1:8891
[4.5s] 页面加载完成

== A. 自往返（生成 → 去掉结构注释 → 解析回来） ==
  ✅ 模板「简约数值行」块结构原样往返
  ✅ 模板「简约数值行」主题认回来一致
  ✅ 模板「简约数值行」没有退化成高级块
  ✅ 模板「简约数值行」文字对得上
  ✅ 模板「简约数值行」没有多出外壳附加样式
  ✅ 模板「进度条面板」块结构原样往返
  ✅ 模板「进度条面板」主题认回来一致
  ✅ 模板「进度条面板」没有退化成高级块
  ✅ 模板「进度条面板」文字对得上
  ✅ 模板「进度条面板」没有多出外壳附加样式
  ✅ 模板「状态卡片」块结构原样往返
  ✅ 模板「状态卡片」主题认回来一致
  ✅ 模板「状态卡片」没有退化成高级块
  ✅ 模板「状态卡片」文字对得上
  ✅ 模板「状态卡片」没有多出外壳附加样式
  ✅ 模板「星级关系」块结构原样往返
  ✅ 模板「星级关系」主题认回来一致
  ✅ 模板「星级关系」没有退化成高级块
  ✅ 模板「星级关系」文字对得上
  ✅ 模板「星级关系」没有多出外壳附加样式
  ✅ 模板「横排速览」块结构原样往返
  ✅ 模板「横排速览」主题认回来一致
  ✅ 模板「横排速览」没有退化成高级块
  ✅ 模板「横排速览」文字对得上
  ✅ 模板「横排速览」没有多出外壳附加样式
  ✅ 模板「空白」空白 → 解析出 0 个块

== B. 手写状态栏的逐元素识别 ==
  ✅ 解析成功
  ✅ 顶层块类型序列
  ✅ 外壳主题认作暗夜（底色一致）
  ✅ 底色一致标记
  ✅ 宽度读出来 420
  ✅ 外壳附加样式只剩 box-shadow
  ✅ 文字内容对得上
  ✅ 标题块：文字
  ✅ 标题块：字号反推 13（15-2）
  ✅ 标题块：居中
  ✅ 变量块：路径
  ✅ 变量块：显示名
  ✅ 进度条：路径
  ✅ 进度条：条高
  ✅ 进度条：min/max 从 calc 反解
  ✅ 进度条：表头显示名
  ✅ 进度条：表头字号反推 13（11+2）
  ✅ 圆点：路径
  ✅ 圆点：个数从底排字符数来
  ✅ 圆点：字符
  ✅ 圆点：min/max 从 calc 反解
  ✅ 圆点：显示名
  ✅ 分割线：线色就是主题色 → 不写死
  ✅ 间距：高度
  ✅ 一行多列：两列
  ✅ 一行多列：第一列是变量
  ✅ 一行多列：第二列是标题（句子里带宏也不拆散）
  ✅ 句子里带宏的文字块保留全文
  ✅ 表格认不出来 → 原样保留
  ✅ <style> 单独计数
  ✅ 生成物里表格还在
  ✅ 生成物里 <style> 还在
  ✅ 生成物里外壳的阴影还在
  ✅ 生成物里老写法宏原样保留

== C. 解析 → 接管 → 直接改 ==
  ✅ 卡里那条被认作 foreign
  ✅ 给出「解析」按钮
  ✅ 还没接管时画布是空的
  ✅ 接管后卡里那条变成 mine
  ✅ 接管后 sbOwn = true
  ✅ 画布换成解析出来的块
  ✅ 画布命中框数 == 块数
  ✅ 图层行数 == 块数
  ✅ 给出解析报告
  ✅ 给出「还原解析前的 HTML」按钮
  ✅ 外壳附加样式可编辑
  ✅ 改标题 → 立刻写回卡里
  ✅ 改标题 → 画布跟着变
  ✅ 改标题 → 卡里不再是旧文字
  ✅ 改变量块的显示名 → 写回
  ✅ 改变量块 → 路径没丢
  ✅ 改进度条上限 → 产物里的 calc 跟着变
  ✅ 改圆点字符与个数 → 2×4 个字符
  📸 sb3-parsed.png (224 KB)

== D. 还原解析前的 HTML ==
  ✅ 还原后卡里那条 == 原始手写 HTML
  ✅ 还原后又变成 foreign
  ✅ 还原后不再接管
  ✅ 还原后画布清空
  ✅ 还原后画布没有命中框
  ✅ 还原后「解析」按钮回来
  ✅ 还原后报告消失
  ✅ 还原后可以重新解析
  ✅ 重新解析后又接管了

== E. 解析失败时不改卡 ==
  ✅ 纯文字解析不出来
  ✅ 给出原因
  ✅ 解析失败 → 不改卡
  ✅ 解析失败 → 不接管
  ✅ 解析失败 → 画布不动

== F. 边界 ==
  ✅ 句子里的宏 → 文字块（不拆）
  ✅ 带样式的行内标签 → 高级块（不丢样式）
  ✅ 无样式的行内标签 → 文字块
  ✅ 裸壳拆开
  ✅ 表格不拆散 → 高级块
  ✅ 两层嵌套的一行多列

== G. 收尾 ==
  ✅ 整轮无 console 错误 / 未捕获异常

========== 99 passed, 0 failed ==========
