[12.8s] 页面加载完成

== A. 装载与零报错 ==
  ✅ 页面无 console 错误
  ✅ 假 fetch 装上了
  ✅ 编辑器已打开
  ✅ MVU 已装、状态栏已接管

== B. 「让 AI 生成」那一行 ==
  ✅ 输入框在
  ✅ 按钮在
  ✅ 按钮文案是「✨ 生成」
  ✅ 按钮没被禁用
  ✅ 分类小标题写了「让 AI 生成」
  ✅ placeholder 给了例子
  ✅ 描述写进了状态
  ✅ 重绘之后输入框里还是它（对照组：证明上一条不是白写的）
  ✅ 超长描述被截到上限

== C. 未配置 AI ==
  ✅ 就绪判定先确认一下是「没配」
  ✅ 没配就不发请求
  ✅ 而且当面说了为什么
  ✅ 提示是 warn 而不是 ok
  ✅ 忙态没有卡住
  ✅ 配好之后就绪判定通过

== D. 提示词 ==
  ✅ 发了 system + user 两条
  ✅ 请求是非流式的（要 JSON，不要边吐边解析）
  ✅ system 里有「只输出 JSON」
  ✅ system 里 9 种块类型一个不少
  ✅ system 里点名了「不要发明字段名」
  ✅ system 里要求颜色写 #rrggbb
  ✅ user 里有用户那句描述
  ✅ user 里喂了卡里真实的变量路径 stat_data.hp
  ✅ user 里喂了第二个变量 stat_data.affection
  ✅ user 里带上了变量自己的范围 0~150
  ✅ 负范围也照样带出来（-100~100）
  ✅ user 里说了当前主题
  ✅ 生成完忙态归位
  ✅ 生成完按钮恢复可点
  ✅ 卡里没变量时，明说「还没建变量」
  ✅ 而且不再列变量清单

== E. 解析容错 ==
  ✅ 正常 JSON → ok
  ✅ 名字取到了
  ✅ 图标取到了
  ✅ 块数对得上
  ✅ 带 ```json 围栏 → 照样解析
  ✅ 围栏里的名字也对
  ✅ 前后有寒暄 → 照样解析
  ✅ 顶层直接是数组 → 也收
  ✅ 没有名字就用默认名
  ✅ 没有图标就用默认图标
  ✅ 没有 blocks → 不收
  ✅   并说清是缺 blocks
  ✅ blocks 是空数组 → 不收
  ✅ 全是空块 → 不收（存下去就是个幽灵）
  ✅   并说清是空块
  ✅ 压根不是 JSON → 不收
  ✅   并说清是 JSON 的问题
  ✅ 空回复 → 不收
  ✅ blocks 不是数组 → 不收
  ✅ 不认识的 type → 规范化成 text（不崩）
  ✅   类型真的落到 text 上了
  ✅   内容还留着
  ✅ 数值字段是垃圾 → 退默认值，不崩
  ✅   min 退到 0
  ✅   max 退到 100

== F. 清洗 ==
  ✅ offX 被归零
  ✅ offY 被归零
  ✅ w 被归零
  ✅ h 被归零
  ✅ extra 被清空
  ✅ extraInner 被清空
  ✅ extraFill 被清空
  ✅ wrapExtra 被清空
  ✅ clsMap 被清空
  ✅ clsOwn 被清空
  ✅ 对照组：path 留住了
  ✅ 对照组：label 留住了
  ✅ 对照组：min 留住了
  ✅ 对照组：max 留住了（变量自己的范围）
  ✅ 对照组：size 留住了
  ✅ 对照组：color 留住了
  ✅ 对照组：height 留住了
  ✅ 对照组：bold 留住了
  ✅ 子块也被清洗过（递归，不是只看第一层）
  ✅ 子块的 clsMap 也被清了
  ✅ 子块的 path 留着（对照）

== G. 封顶 ==
  ✅ 40 块被裁到上限 24 块
  ✅ 裁完前 24 条顺序没乱
  ✅ 裁完第 24 条是 t23
  ✅ 嵌套 5 层被摊到深度 3
  ✅   是摊平不是砍掉 —— 5 块一块没少
  ✅   没被裁成空（还是 ok）
  ✅   「太深了」那句还在（真的没丢内容）

== H. 落盘 ==
  ✅ 存进了「我的预制块」
  ✅   名字对
  ✅   图标对
  ✅   块数对
  ✅ localStorage 里键的形状是 {v:1,list:[…]}
  ✅ DOM 里也出现那一条
  ✅ 提示说了「AI 生成了预制块」
  ✅ 提示里说了几个路径对得上（卡里没变量 → 0/1）
  ✅ 刷新整页之后还在
  ✅   名字还是那个
  ✅   块数也还是 2（往返没丢东西）
  ✅ 同名不覆盖，变成两条
  ✅   新的那条叫「战斗面板 2」
  ✅   旧的那条名字没动（对照组）
  ✅   旧的那条内容也没动（块数仍是 2）
  ✅   新的那条是新内容（1 块）
  ✅ 提示里说了名字重了
  ✅ 先塞满到上限
  ✅ 存满之后再生成 → 拒收，还是 60 条
  ✅   而且当面说了「存满」

== I. 绑定统计 ==
  ✅ 一条真一条编 → 报 1/2
  ✅   并且提了「建了同名变量就通」
  ✅ 两条都对不上 → 报 0/2
  ✅ 没有 path 的预制块就不提绑定数
  ✅   但仍然说清存下来了

== J. 失败路径 ==
  ✅ 网络异常 → 提示里说失败了
  ✅   提示是 bad
  ✅   忙态归位（不然按钮永远转圈）
  ✅ HTTP 401 → 提示里有 401
  ✅ 回了段人话 → 提示里说 JSON 不合法
  ✅ 空 blocks → 提示里说「没有 blocks 数组」
  ✅ 失败之后还能正常生成
  ✅   确实发了请求
  📸 sb9-ai-prefab.png (189 KB)

== 收尾 ==
  ✅ 来回切选项卡没有页面异常
  ✅ 全程零 console.error

===== 第九轮（AI 生成预制块）：123 通过 / 0 失败 =====
